[2026-10-06 07:49:10] Controller connected
[2026-10-06 07:49:10] Command: AUTH OPS-4117
[2026-10-06 07:49:10] Authentication successful
[2026-10-06 07:49:10] Command: PUT test.txt 58
[2026-10-06 07:49:10] File received: test.txt (58 bytes)
[2026-10-06 07:49:10] Command: GET test.txt
[2026-10-06 07:49:10] File sent: test.txt (58 bytes)
[2026-10-06 07:49:22] Controller requested QUIT
[2026-10-06 07:49:22] Controller disconnected
[2026-10-06 07:53:23] Controller connected
[2026-10-06 07:53:23] Command: AUTH OPS-4117
[2026-10-06 07:53:23] Authentication successful
[2026-10-06 07:53:23] Command: PUT test.txt 58
[2026-10-06 07:53:23] File received: test.txt (58 bytes)
[2026-10-06 07:53:23] Command: GET test.txt
[2026-10-06 07:53:23] File sent: test.txt (58 bytes)
[2026-10-06 07:53:35] Controller requested QUIT
[2026-10-06 07:53:35] Controller disconnected
[2026-10-06 08:15:13] Controller connected
[2026-10-06 08:15:13] Command: AUTH OPS-4117
[2026-10-06 08:15:13] Authentication successful
[2026-10-06 08:15:13] Command: SYSINFO
[2026-10-06 08:15:13] Command: LISTPROC
[2026-10-06 08:15:13] Command: EXEC DATE
[2026-10-06 08:15:13] Command: EXEC UPTIME
[2026-10-06 08:15:13] Command: EXEC DISKFREE
[2026-10-06 08:15:13] Command: EXEC HOSTNAME
[2026-10-06 08:15:13] Command: EXEC WHOAMI
[2026-10-06 08:15:13] Command: EXEC LS
[2026-10-06 08:15:13] Command: PUT test.txt 58
[2026-10-06 08:15:13] Command: PUT test.txt 58
[2026-10-06 08:15:13] File received: test.txt (58 bytes)
[2026-10-06 08:15:13] Command: GET test.txt
[2026-10-06 08:15:13] Command: GET test.txt
[2026-10-06 08:15:13] File sent: test.txt (58 bytes)
[2026-10-06 08:15:13] Command: MONITOR START 9500
[2026-10-06 08:15:25] Command: MONITOR STOP
[2026-10-06 08:15:25] Command: QUIT
[2026-10-06 08:15:25] Controller requested QUIT
[2026-10-06 08:15:25] Controller disconnected
[2026-10-06 19:07:51] Controller connected
[2026-10-06 19:07:51] Command: AUTH OPS-4117
[2026-10-06 19:07:51] Authentication successful
[2026-10-06 19:07:51] Command: SYSINFO
[2026-10-06 19:07:51] Command: LISTPROC
[2026-10-06 19:07:51] Command: EXEC DATE
[2026-10-06 19:07:51] Command: EXEC UPTIME
[2026-10-06 19:07:51] Command: EXEC DISKFREE
[2026-10-06 19:07:51] Command: EXEC HOSTNAME
[2026-10-06 19:07:51] Command: EXEC WHOAMI
[2026-10-06 19:07:51] Command: EXEC LS
[2026-10-06 19:07:51] Command: PUT test.txt 58
[2026-10-06 19:07:51] Command: PUT test.txt 58
[2026-10-06 19:07:51] File received: test.txt (58 bytes)
[2026-10-06 19:07:51] Command: GET test.txt
[2026-10-06 19:07:51] File sent: test.txt (58 bytes)
[2026-10-06 19:07:51] Command: MONITOR START 9500
[2026-10-06 19:08:03] Command: MONITOR STOP
[2026-10-06 19:08:03] Command: QUIT
[2026-10-06 19:08:03] Controller requested QUIT
[2026-10-06 19:08:03] Controller disconnected
[2026-10-06 19:22:02] Controller connected
[2026-10-06 19:22:02] Command: AUTH OPS-4117
[2026-10-06 19:22:02] Authentication successful
[2026-10-06 19:22:02] Command: SYSINFO
[2026-10-06 19:22:02] Command: LISTPROC
[2026-10-06 19:22:02] Command: EXEC DATE
[2026-10-06 19:22:02] Command: EXEC UPTIME
[2026-10-06 19:22:02] Command: EXEC DISKFREE
[2026-10-06 19:22:02] Command: EXEC HOSTNAME
[2026-10-06 19:22:02] Command: EXEC WHOAMI
[2026-10-06 19:22:02] Command: EXEC LS
[2026-10-06 19:22:02] Command: PUT test.txt 58
[2026-10-06 19:22:02] Command: PUT test.txt 58
[2026-10-06 19:22:02] File received: test.txt (58 bytes)
[2026-10-06 19:22:02] Command: GET test.txt
[2026-10-06 19:22:02] File sent: test.txt (58 bytes)
[2026-10-06 19:22:02] Command: MONITOR START 9500
[2026-10-06 19:22:09] Controller connected
[2026-10-06 19:22:09] Command: AUTH OPS-4117
[2026-10-06 19:22:09] Authentication successful
[2026-10-06 19:22:09] Command: SYSINFO
[2026-10-06 19:22:09] Command: LISTPROC
[2026-10-06 19:22:09] Command: EXEC DATE
[2026-10-06 19:22:09] Command: EXEC UPTIME
[2026-10-06 19:22:09] Command: EXEC DISKFREE
[2026-10-06 19:22:09] Command: EXEC HOSTNAME
[2026-10-06 19:22:09] Command: EXEC WHOAMI
[2026-10-06 19:22:09] Command: EXEC LS
[2026-10-06 19:22:09] Command: PUT test.txt 58
[2026-10-06 19:22:09] Command: PUT test.txt 58
[2026-10-06 19:22:09] File received: test.txt (58 bytes)
[2026-10-06 19:22:09] Command: GET test.txt
[2026-10-06 19:22:09] File sent: test.txt (58 bytes)
[2026-10-06 19:22:09] Command: MONITOR START 9500
[2026-10-06 19:22:14] Command: MONITOR STOP
[2026-10-06 19:22:14] Command: QUIT
[2026-10-06 19:22:14] Controller requested QUIT
[2026-10-06 19:22:14] Controller disconnected
[2026-10-06 19:22:19] Controller connected
[2026-10-06 19:22:19] Command: AUTH OPS-4117
[2026-10-06 19:22:19] Authentication successful
[2026-10-06 19:22:19] Command: SYSINFO
[2026-10-06 19:22:19] Command: LISTPROC
[2026-10-06 19:22:19] Command: EXEC DATE
[2026-10-06 19:22:19] Command: EXEC UPTIME
[2026-10-06 19:22:19] Command: EXEC DISKFREE
[2026-10-06 19:22:19] Command: EXEC HOSTNAME
[2026-10-06 19:22:19] Command: EXEC WHOAMI
[2026-10-06 19:22:19] Command: EXEC LS
[2026-10-06 19:22:19] Command: PUT test.txt 58
[2026-10-06 19:22:19] Command: PUT test.txt 58
[2026-10-06 19:22:19] File received: test.txt (58 bytes)
[2026-10-06 19:22:19] Command: GET test.txt
[2026-10-06 19:22:19] File sent: test.txt (58 bytes)
[2026-10-06 19:22:19] Command: MONITOR START 9500
[2026-10-06 19:22:21] Command: MONITOR STOP
[2026-10-06 19:22:21] Command: QUIT
[2026-10-06 19:22:21] Controller requested QUIT
[2026-10-06 19:22:21] Controller disconnected
[2026-10-06 19:22:31] Command: MONITOR STOP
[2026-10-06 19:22:31] Command: QUIT
[2026-10-06 19:22:31] Controller requested QUIT
[2026-10-06 19:22:31] Controller disconnected
[2026-10-06 19:23:54] Controller connected
[2026-10-06 19:23:54] Command: AUTH OPS-4117
[2026-10-06 19:23:54] Authentication successful
[2026-10-06 19:23:54] Command: SYSINFO
[2026-10-06 19:23:54] Command: LISTPROC
[2026-10-06 19:23:54] Command: EXEC DATE
[2026-10-06 19:23:54] Command: EXEC UPTIME
[2026-10-06 19:23:54] Command: EXEC DISKFREE
[2026-10-06 19:23:54] Command: EXEC HOSTNAME
[2026-10-06 19:23:54] Command: EXEC WHOAMI
[2026-10-06 19:23:54] Command: EXEC LS
[2026-10-06 19:23:54] Command: PUT test.txt 58
[2026-10-06 19:23:54] Command: PUT test.txt 58
[2026-10-06 19:23:54] File received: test.txt (58 bytes)
[2026-10-06 19:23:54] Command: GET test.txt
[2026-10-06 19:23:54] File sent: test.txt (58 bytes)
[2026-10-06 19:23:54] Command: MONITOR START 9500
[2026-10-06 19:23:58] Controller connected
[2026-10-06 19:23:58] Command: AUTH OPS-4117
[2026-10-06 19:23:58] Authentication successful
[2026-10-06 19:23:58] Command: SYSINFO
[2026-10-06 19:23:58] Command: LISTPROC
[2026-10-06 19:23:58] Command: EXEC DATE
[2026-10-06 19:23:58] Command: EXEC UPTIME
[2026-10-06 19:23:58] Command: EXEC DISKFREE
[2026-10-06 19:23:58] Command: EXEC HOSTNAME
[2026-10-06 19:23:58] Command: EXEC WHOAMI
[2026-10-06 19:23:58] Command: EXEC LS
[2026-10-06 19:23:58] Command: PUT test.txt 58
[2026-10-06 19:23:58] Command: PUT test.txt 58
[2026-10-06 19:23:58] File received: test.txt (58 bytes)
[2026-10-06 19:23:58] Command: GET test.txt
[2026-10-06 19:23:58] File sent: test.txt (58 bytes)
[2026-10-06 19:23:58] Command: MONITOR START 9500
[2026-10-06 19:24:06] Command: MONITOR STOP
[2026-10-06 19:24:06] Command: QUIT
[2026-10-06 19:24:06] Controller requested QUIT
[2026-10-06 19:24:06] Controller disconnected
[2026-10-06 19:24:10] Command: MONITOR STOP
[2026-10-06 19:24:10] Command: QUIT
[2026-10-06 19:24:10] Controller requested QUIT
[2026-10-06 19:24:10] Controller disconnected
[2026-10-06 19:27:37] Controller connected
[2026-10-06 19:27:37] Command: AUTH OPS-4117
[2026-10-06 19:27:37] Authentication successful
[2026-10-06 19:27:37] Command: SYSINFO
[2026-10-06 19:27:37] Command: LISTPROC
[2026-10-06 19:27:37] Command: EXEC DATE
[2026-10-06 19:27:37] Command: EXEC UPTIME
[2026-10-06 19:27:37] Command: EXEC DISKFREE
[2026-10-06 19:27:37] Command: EXEC HOSTNAME
[2026-10-06 19:27:37] Command: EXEC WHOAMI
[2026-10-06 19:27:37] Command: EXEC LS
[2026-10-06 19:27:37] Command: PUT test.txt 58
[2026-10-06 19:27:37] Command: PUT test.txt 58
[2026-10-06 19:27:37] File received: test.txt (58 bytes)
[2026-10-06 19:27:37] Command: GET test.txt
[2026-10-06 19:27:37] File sent: test.txt (58 bytes)
[2026-10-06 19:27:37] Command: QUIT
[2026-10-06 19:27:37] Controller requested QUIT
[2026-10-06 19:27:37] Controller disconnected
[2026-10-06 19:27:40] Controller connected
[2026-10-06 19:27:40] Command: AUTH OPS-4117
[2026-10-06 19:27:40] Authentication successful
[2026-10-06 19:27:40] Command: SYSINFO
[2026-10-06 19:27:40] Command: LISTPROC
[2026-10-06 19:27:40] Command: EXEC DATE
[2026-10-06 19:27:40] Command: EXEC UPTIME
[2026-10-06 19:27:40] Command: EXEC DISKFREE
[2026-10-06 19:27:40] Command: EXEC HOSTNAME
[2026-10-06 19:27:40] Command: EXEC WHOAMI
[2026-10-06 19:27:40] Command: EXEC LS
[2026-10-06 19:27:40] Command: PUT test.txt 58
[2026-10-06 19:27:40] Command: PUT test.txt 58
[2026-10-06 19:27:40] File received: test.txt (58 bytes)
[2026-10-06 19:27:40] Command: GET test.txt
[2026-10-06 19:27:40] File sent: test.txt (58 bytes)
[2026-10-06 19:27:40] Command: QUIT
[2026-10-06 19:27:40] Controller requested QUIT
[2026-10-06 19:27:40] Controller disconnected
[2026-10-06 19:51:13] Controller connected
[2026-10-06 19:51:13] Command: AUTH OPS-4117
[2026-10-06 19:51:13] Authentication successful
[2026-10-06 19:51:13] Command: SYSINFO
[2026-10-06 19:51:13] Command: LISTPROC
[2026-10-06 19:51:13] Command: EXEC DATE
[2026-10-06 19:51:13] Command: EXEC UPTIME
[2026-10-06 19:51:13] Command: EXEC DISKFREE
[2026-10-06 19:51:13] Command: EXEC HOSTNAME
[2026-10-06 19:51:13] Command: EXEC WHOAMI
[2026-10-06 19:51:13] Command: EXEC LS
[2026-10-06 19:51:13] Command: PUT test.txt 58
[2026-10-06 19:51:13] Command: PUT test.txt 58
[2026-10-06 19:51:14] File received: test.txt (58 bytes)
[2026-10-06 19:51:14] Command: GET test.txt
[2026-10-06 19:51:14] File sent: test.txt (58 bytes)
[2026-10-06 19:51:14] Command: MONITOR START 9500
[2026-10-06 19:51:26] Command: MONITOR STOP
[2026-10-06 19:51:26] Command: QUIT
[2026-10-06 19:51:26] Controller requested QUIT
[2026-10-06 19:51:26] Controller disconnected
[2026-10-06 20:12:55] Controller connected
[2026-10-06 20:12:55] Command: AUTH OPS-4117
[2026-10-06 20:12:55] Authentication successful
[2026-10-06 20:12:55] Command: SYSINFO
[2026-10-06 20:12:55] Command: LISTPROC
[2026-10-06 20:12:55] Command: EXEC DATE
[2026-10-06 20:12:55] Command: EXEC UPTIME
[2026-10-06 20:12:55] Command: EXEC DISKFREE
[2026-10-06 20:12:55] Command: EXEC HOSTNAME
[2026-10-06 20:12:55] Command: EXEC WHOAMI
[2026-10-06 20:12:56] Command: EXEC LS
[2026-10-06 20:12:56] Command: PUT test.txt 58
[2026-10-06 20:12:56] Command: PUT test.txt 58
[2026-10-06 20:12:56] File received: test.txt (58 bytes)
[2026-10-06 20:12:56] Command: GET test.txt
[2026-10-06 20:12:56] File sent: test.txt (58 bytes)
[2026-10-06 20:12:56] Command: MONITOR START 9500
[2026-10-06 20:13:08] Command: MONITOR STOP
[2026-10-06 20:13:08] Command: QUIT
[2026-10-06 20:13:08] Controller requested QUIT
[2026-10-06 20:13:08] Controller disconnected
[2026-10-06 20:17:48] Controller connected
[2026-10-06 20:17:48] Command: AUTH OPS-4117
[2026-10-06 20:17:48] Authentication successful
[2026-10-06 20:17:48] Command: SYSINFO
[2026-10-06 20:17:48] Command: LISTPROC
[2026-10-06 20:17:48] Command: EXEC DATE
[2026-10-06 20:17:48] Command: EXEC UPTIME
[2026-10-06 20:17:48] Command: EXEC DISKFREE
[2026-10-06 20:17:48] Command: EXEC HOSTNAME
[2026-10-06 20:17:48] Command: EXEC WHOAMI
[2026-10-06 20:17:48] Command: EXEC LS
[2026-10-06 20:17:48] Command: PUT test.txt 58
[2026-10-06 20:17:48] Command: PUT test.txt 58
[2026-10-06 20:17:48] File received: test.txt (58 bytes)
[2026-10-06 20:17:48] Command: GET test.txt
[2026-10-06 20:17:48] File sent: test.txt (58 bytes)
[2026-10-06 20:17:48] Command: MONITOR START 9500
[2026-10-06 20:18:00] Command: MONITOR STOP
[2026-10-06 20:18:00] Command: QUIT
[2026-10-06 20:18:00] Controller requested QUIT
[2026-10-06 20:18:00] Controller disconnected
[2026-10-07 02:39:10] Controller connected
[2026-10-07 02:39:10] Command: AUTH OPS-4117
[2026-10-07 02:39:10] Authentication successful
[2026-10-07 02:39:10] Command: SYSINFO
[2026-10-07 02:39:10] Command: LISTPROC
[2026-10-07 02:39:10] Command: EXEC DATE
[2026-10-07 02:39:10] Command: EXEC UPTIME
[2026-10-07 02:39:10] Command: EXEC DISKFREE
[2026-10-07 02:39:10] Command: EXEC HOSTNAME
[2026-10-07 02:39:10] Command: EXEC WHOAMI
[2026-10-07 02:39:10] Command: EXEC LS
[2026-10-07 02:39:10] Command: PUT test.txt 58
[2026-10-07 02:39:10] Command: PUT test.txt 58
[2026-10-07 02:39:11] File received: test.txt (58 bytes)
[2026-10-07 02:39:11] Command: GET test.txt
[2026-10-07 02:39:11] File sent: test.txt (58 bytes)
[2026-10-07 02:39:11] Command: MONITOR START 9500
[2026-10-07 02:39:23] Command: MONITOR STOP
[2026-10-07 02:39:23] Command: QUIT
[2026-10-07 02:39:23] Controller requested QUIT
[2026-10-07 02:39:23] Controller disconnected
[2026-10-07 05:52:15] Controller connected
[2026-10-07 05:52:15] Command: AUTH OPS-4117
[2026-10-07 05:52:15] Authentication successful
[2026-10-07 05:52:15] Command: SYSINFO
[2026-10-07 05:52:15] Command: LISTPROC
[2026-10-07 05:52:15] Command: EXEC DATE
[2026-10-07 05:52:15] Command: EXEC UPTIME
[2026-10-07 05:52:15] Command: EXEC DISKFREE
[2026-10-07 05:52:15] Command: EXEC HOSTNAME
[2026-10-07 05:52:15] Command: EXEC WHOAMI
[2026-10-07 05:52:15] Command: EXEC LS
[2026-10-07 05:52:15] Command: PUT test.txt 58
[2026-10-07 05:52:15] Command: PUT test.txt 58
[2026-10-07 05:52:15] File received: test.txt (58 bytes)
[2026-10-07 05:52:15] Command: GET test.txt
[2026-10-07 05:52:15] File sent: test.txt (58 bytes)
[2026-10-07 05:52:15] Command: MONITOR START 9500
[2026-10-07 05:52:27] Command: MONITOR STOP
[2026-10-07 05:52:27] Command: QUIT
[2026-10-07 05:52:27] Controller requested QUIT
[2026-10-07 05:52:27] Controller disconnected
[2026-10-07 05:56:16] Controller connected
[2026-10-07 05:56:16] Command: AUTH OPS-4117
[2026-10-07 05:56:16] Authentication successful
[2026-10-07 05:56:16] Command: SYSINFO
[2026-10-07 05:56:16] Command: LISTPROC
[2026-10-07 05:56:16] Command: EXEC DATE
[2026-10-07 05:56:16] Command: EXEC UPTIME
[2026-10-07 05:56:16] Command: EXEC DISKFREE
[2026-10-07 05:56:16] Command: EXEC HOSTNAME
[2026-10-07 05:56:16] Command: EXEC WHOAMI
[2026-10-07 05:56:16] Command: EXEC LS
[2026-10-07 05:56:16] Command: PUT test.txt 58
[2026-10-07 05:56:16] Command: PUT test.txt 58
[2026-10-07 05:56:16] File received: test.txt (58 bytes)
[2026-10-07 05:56:16] Command: GET test.txt
[2026-10-07 05:56:16] File sent: test.txt (58 bytes)
[2026-10-07 05:56:16] Command: MONITOR START 9500
[2026-10-07 05:56:28] Command: MONITOR STOP
[2026-10-07 05:56:28] Command: QUIT
[2026-10-07 05:56:28] Controller requested QUIT
[2026-10-07 05:56:28] Controller disconnected
[2026-10-07 05:56:44] Controller connected
[2026-10-07 05:56:44] Command: AUTH OPS-4117
[2026-10-07 05:56:44] Authentication successful
[2026-10-07 05:56:44] Command: SYSINFO
[2026-10-07 05:56:44] Command: LISTPROC
[2026-10-07 05:56:44] Command: EXEC DATE
[2026-10-07 05:56:44] Command: EXEC UPTIME
[2026-10-07 05:56:44] Command: EXEC DISKFREE
[2026-10-07 05:56:44] Command: EXEC HOSTNAME
[2026-10-07 05:56:44] Command: EXEC WHOAMI
[2026-10-07 05:56:44] Command: EXEC LS
[2026-10-07 05:56:44] Command: PUT test.txt 58
[2026-10-07 05:56:44] Command: PUT test.txt 58
[2026-10-07 05:56:44] File received: test.txt (58 bytes)
[2026-10-07 05:56:44] Command: GET test.txt
[2026-10-07 05:56:44] File sent: test.txt (58 bytes)
[2026-10-07 05:56:44] Command: MONITOR START 9500
[2026-10-07 05:56:56] Command: MONITOR STOP
[2026-10-07 05:56:56] Command: QUIT
[2026-10-07 05:56:56] Controller requested QUIT
[2026-10-07 05:56:56] Controller disconnected
[2026-10-07 05:57:41] Controller connected
[2026-10-07 05:57:41] Command: AUTH OPS-4117
[2026-10-07 05:57:41] Authentication successful
[2026-10-07 05:57:41] Command: SYSINFO
[2026-10-07 05:57:41] Command: LISTPROC
[2026-10-07 05:57:41] Command: EXEC DATE
[2026-10-07 05:57:41] Command: EXEC UPTIME
[2026-10-07 05:57:41] Command: EXEC DISKFREE
[2026-10-07 05:57:41] Command: EXEC HOSTNAME
[2026-10-07 05:57:41] Command: EXEC WHOAMI
[2026-10-07 05:57:41] Command: EXEC LS
[2026-10-07 05:57:41] Command: PUT test.txt 58
[2026-10-07 05:57:41] Command: PUT test.txt 58
[2026-10-07 05:57:41] File received: test.txt (58 bytes)
[2026-10-07 05:57:41] Command: GET test.txt
[2026-10-07 05:57:41] File sent: test.txt (58 bytes)
[2026-10-07 05:57:41] Command: MONITOR START 9500
[2026-10-07 05:57:53] Command: MONITOR STOP
[2026-10-07 05:57:53] Command: QUIT
[2026-10-07 05:57:53] Controller requested QUIT
[2026-10-07 05:57:53] Controller disconnected
[2026-10-07 06:07:09] Controller connected
[2026-10-07 06:07:09] Command: AUTH OPS-4117
[2026-10-07 06:07:09] Authentication successful
[2026-10-07 06:07:09] Command: SYSINFO
[2026-10-07 06:07:09] Command: LISTPROC
[2026-10-07 06:07:09] Command: EXEC DATE
[2026-10-07 06:07:09] Command: EXEC UPTIME
[2026-10-07 06:07:09] Command: EXEC DISKFREE
[2026-10-07 06:07:09] Command: EXEC HOSTNAME
[2026-10-07 06:07:09] Command: EXEC WHOAMI
[2026-10-07 06:07:09] Command: EXEC LS
[2026-10-07 06:07:09] Command: PUT test.txt 58
[2026-10-07 06:07:09] Command: PUT test.txt 58
[2026-10-07 06:07:09] File received: test.txt (58 bytes)
[2026-10-07 06:07:09] Command: GET test.txt
[2026-10-07 06:07:09] File sent: test.txt (58 bytes)
[2026-10-07 06:07:10] Command: MONITOR START 9500
[2026-10-07 06:07:22] Command: MONITOR STOP
[2026-10-07 06:07:22] Command: QUIT
[2026-10-07 06:07:22] Controller requested QUIT
[2026-10-07 06:07:22] Controller disconnected
[2026-10-07 06:08:34] Controller connected
[2026-10-07 06:08:34] Command: AUTH OPS-4117
[2026-10-07 06:08:34] Authentication successful
[2026-10-07 06:08:34] Command: SYSINFO
[2026-10-07 06:08:34] Command: LISTPROC
[2026-10-07 06:08:34] Command: EXEC DATE
[2026-10-07 06:08:34] Command: EXEC UPTIME
[2026-10-07 06:08:34] Command: EXEC DISKFREE
[2026-10-07 06:08:34] Command: EXEC HOSTNAME
[2026-10-07 06:08:34] Command: EXEC WHOAMI
[2026-10-07 06:08:34] Command: EXEC LS
[2026-10-07 06:08:34] Command: PUT test.txt 58
[2026-10-07 06:08:34] Command: PUT test.txt 58
[2026-10-07 06:08:34] File received: test.txt (58 bytes)
[2026-10-07 06:08:34] Command: GET test.txt
[2026-10-07 06:08:34] File sent: test.txt (58 bytes)
[2026-10-07 06:08:34] Command: MONITOR START 9500
[2026-10-07 06:08:46] Command: MONITOR STOP
[2026-10-07 06:08:46] Command: QUIT
[2026-10-07 06:08:46] Controller requested QUIT
[2026-10-07 06:08:46] Controller disconnected
[2026-10-07 06:14:59] Controller connected
[2026-10-07 06:14:59] Command: AUTH OPS-4117
[2026-10-07 06:14:59] Authentication successful
[2026-10-07 06:14:59] Command: GET missing_file_117.txt
[2026-10-07 06:14:59] Command: HELLO
[2026-10-07 06:14:59] Controller disconnected
